// Jest Snapshot v1, https://goo.gl/fbAQLP

exports[`<Input /> should render the proper HTML of Input 1`] = `
<input
  class="form-control"
  id="label"
  placeholder="label"
  type="text"
  value=""
>
  
</input>
`;
