// Jest Snapshot v1, https://goo.gl/fbAQLP

exports[`<Code /> should render the proper HTML of Code 1`] = `
<div
  id="code"
  style="width:500px;height:500px;"
>
  
</div>
`;
